EN mux_2x1x20bit NULL /fs02/share/users/alperen.aydin/home/TPElec/ELN1/SysMeteo/mux_2x1x20bit.vhd sub00/vhpl15 1421337542
EN transcoder_speed NULL /fs02/share/users/alperen.aydin/home/TPElec/ELN1/SysMeteo/transcoder_speed.vhd sub00/vhpl20 1421337530
EN risingedge_detector NULL /fs02/share/users/alperen.aydin/home/TPElec/ELN1/SysMeteo/risingedge_detector.vhd sub00/vhpl07 1421337524
EN gray_decoder_4bit NULL /fs02/share/users/alperen.aydin/home/TPElec/ELN1/SysMeteo/gray_decoder_4bit.vhd sub00/vhpl14 1421337534
EN speed_counter NULL /fs02/share/users/alperen.aydin/home/TPElec/ELN1/SysMeteo/speed_counter.vhd sub00/vhpl04 1421337540
AR mux_2x1x20bit behavioral /fs02/share/users/alperen.aydin/home/TPElec/ELN1/SysMeteo/mux_2x1x20bit.vhd sub00/vhpl16 1421337543
AR gray_decoder_4bit behavioral /fs02/share/users/alperen.aydin/home/TPElec/ELN1/SysMeteo/gray_decoder_4bit.vhd sub00/vhpl17 1421337535
AR mux_2x1x4bit behavioral /fs02/share/users/alperen.aydin/home/TPElec/ELN1/SysMeteo/mux_2x1x4bit.vhd sub00/vhpl19 1421337537
AR speed_counter behavioral /fs02/share/users/alperen.aydin/home/TPElec/ELN1/SysMeteo/speed_counter.vhd sub00/vhpl05 1421337541
EN mux_2x1x4bit NULL /fs02/share/users/alperen.aydin/home/TPElec/ELN1/SysMeteo/mux_2x1x4bit.vhd sub00/vhpl18 1421337536
AR weather_system behavioral /fs02/share/users/alperen.aydin/home/TPElec/ELN1/SysMeteo/weather_system.vhd sub00/vhpl01 1421337545
EN counter_5bit NULL /fs02/share/users/alperen.aydin/home/TPElec/ELN1/SysMeteo/counter_5bit.vhd sub00/vhpl11 1421337528
AR risingedge_detector behavioral /fs02/share/users/alperen.aydin/home/TPElec/ELN1/SysMeteo/risingedge_detector.vhd sub00/vhpl08 1421337525
AR decoder behavioral /fs02/share/users/alperen.aydin/home/TPElec/ELN1/SysMeteo/decoder.vhd sub00/vhpl03 1421337539
EN freq_divider NULL /fs02/share/users/alperen.aydin/home/TPElec/ELN1/SysMeteo/freq_divider.vhd sub00/vhpl09 1421337526
EN gray_bin_4bit NULL /fs02/share/users/alperen.aydin/home/TPElec/ELN1/SysMeteo/gray_bin_4bit.vhd sub00/vhpl06 1421337532
AR gray_bin_4bit behavioral /fs02/share/users/alperen.aydin/home/TPElec/ELN1/SysMeteo/gray_bin_4bit.vhd sub00/vhpl13 1421337533
AR transcoder_speed behavioral /fs02/share/users/alperen.aydin/home/TPElec/ELN1/SysMeteo/transcoder_speed.vhd sub00/vhpl21 1421337531
EN decoder NULL /fs02/share/users/alperen.aydin/home/TPElec/ELN1/SysMeteo/decoder.vhd sub00/vhpl02 1421337538
AR freq_divider behavioral /fs02/share/users/alperen.aydin/home/TPElec/ELN1/SysMeteo/freq_divider.vhd sub00/vhpl10 1421337527
EN weather_system NULL /fs02/share/users/alperen.aydin/home/TPElec/ELN1/SysMeteo/weather_system.vhd sub00/vhpl00 1421337544
AR counter_5bit behavioral /fs02/share/users/alperen.aydin/home/TPElec/ELN1/SysMeteo/counter_5bit.vhd sub00/vhpl12 1421337529
