EN mux_2x1x20bit NULL /fs02/share/users/alperen.aydin/home/TPElec/ELN1/SysMeteo/mux_2x1x20bit.vhd sub00/vhpl15 1421329312
EN transcoder_speed NULL /fs02/share/users/alperen.aydin/home/TPElec/ELN1/SysMeteo/transcoder_speed.vhd sub00/vhpl20 1421329300
EN risingedge_detector NULL /fs02/share/users/alperen.aydin/home/TPElec/ELN1/SysMeteo/risingedge_detector.vhd sub00/vhpl07 1421329294
EN gray_decoder_4bit NULL /fs02/share/users/alperen.aydin/home/TPElec/ELN1/SysMeteo/gray_decoder_4bit.vhd sub00/vhpl14 1421329304
EN speed_counter NULL /fs02/share/users/alperen.aydin/home/TPElec/ELN1/SysMeteo/speed_counter.vhd sub00/vhpl04 1421329310
AR mux_2x1x20bit behavioral /fs02/share/users/alperen.aydin/home/TPElec/ELN1/SysMeteo/mux_2x1x20bit.vhd sub00/vhpl16 1421329313
AR gray_decoder_4bit behavioral /fs02/share/users/alperen.aydin/home/TPElec/ELN1/SysMeteo/gray_decoder_4bit.vhd sub00/vhpl17 1421329305
AR mux_2x1x4bit behavioral /fs02/share/users/alperen.aydin/home/TPElec/ELN1/SysMeteo/mux_2x1x4bit.vhd sub00/vhpl19 1421329307
AR speed_counter behavioral /fs02/share/users/alperen.aydin/home/TPElec/ELN1/SysMeteo/speed_counter.vhd sub00/vhpl05 1421329311
EN mux_2x1x4bit NULL /fs02/share/users/alperen.aydin/home/TPElec/ELN1/SysMeteo/mux_2x1x4bit.vhd sub00/vhpl18 1421329306
AR weather_system behavioral /fs02/share/users/alperen.aydin/home/TPElec/ELN1/SysMeteo/weather_system.vhd sub00/vhpl01 1421329315
EN counter_5bit NULL /fs02/share/users/alperen.aydin/home/TPElec/ELN1/SysMeteo/counter_5bit.vhd sub00/vhpl11 1421329298
AR risingedge_detector behavioral /fs02/share/users/alperen.aydin/home/TPElec/ELN1/SysMeteo/risingedge_detector.vhd sub00/vhpl08 1421329295
AR decoder behavioral /fs02/share/users/alperen.aydin/home/TPElec/ELN1/SysMeteo/decoder.vhd sub00/vhpl03 1421329309
EN freq_divider NULL /fs02/share/users/alperen.aydin/home/TPElec/ELN1/SysMeteo/freq_divider.vhd sub00/vhpl09 1421329296
EN gray_bin_4bit NULL /fs02/share/users/alperen.aydin/home/TPElec/ELN1/SysMeteo/gray_bin_4bit.vhd sub00/vhpl06 1421329302
AR gray_bin_4bit behavioral /fs02/share/users/alperen.aydin/home/TPElec/ELN1/SysMeteo/gray_bin_4bit.vhd sub00/vhpl13 1421329303
AR transcoder_speed behavioral /fs02/share/users/alperen.aydin/home/TPElec/ELN1/SysMeteo/transcoder_speed.vhd sub00/vhpl21 1421329301
EN decoder NULL /fs02/share/users/alperen.aydin/home/TPElec/ELN1/SysMeteo/decoder.vhd sub00/vhpl02 1421329308
AR freq_divider behavioral /fs02/share/users/alperen.aydin/home/TPElec/ELN1/SysMeteo/freq_divider.vhd sub00/vhpl10 1421329297
EN weather_system NULL /fs02/share/users/alperen.aydin/home/TPElec/ELN1/SysMeteo/weather_system.vhd sub00/vhpl00 1421329314
AR counter_5bit behavioral /fs02/share/users/alperen.aydin/home/TPElec/ELN1/SysMeteo/counter_5bit.vhd sub00/vhpl12 1421329299
