V3 54
FL /fs02/share/users/alperen.aydin/home/TPElec/ELN1/SysMeteo/counter_5bit.vhd 2014/12/22.22:02:34 P.20131013
EN work/counter_5bit 1421329298 \
      FL /fs02/share/users/alperen.aydin/home/TPElec/ELN1/SysMeteo/counter_5bit.vhd \
      PB ieee/std_logic_1164 1381692176 PB ieee/STD_LOGIC_UNSIGNED 1381692179
AR work/counter_5bit/Behavioral 1421329299 \
      FL /fs02/share/users/alperen.aydin/home/TPElec/ELN1/SysMeteo/counter_5bit.vhd \
      EN work/counter_5bit 1421329298
FL /fs02/share/users/alperen.aydin/home/TPElec/ELN1/SysMeteo/decoder.vhd 2014/12/22.22:02:33 P.20131013
EN work/decoder 1421329308 \
      FL /fs02/share/users/alperen.aydin/home/TPElec/ELN1/SysMeteo/decoder.vhd \
      PB ieee/std_logic_1164 1381692176
AR work/decoder/Behavioral 1421329309 \
      FL /fs02/share/users/alperen.aydin/home/TPElec/ELN1/SysMeteo/decoder.vhd \
      EN work/decoder 1421329308 CP gray_bin_4bit CP gray_decoder_4bit \
      CP mux_2x1x4bit
FL /fs02/share/users/alperen.aydin/home/TPElec/ELN1/SysMeteo/freq_divider.vhd 2014/12/22.22:02:33 P.20131013
EN work/freq_divider 1421329296 \
      FL /fs02/share/users/alperen.aydin/home/TPElec/ELN1/SysMeteo/freq_divider.vhd \
      PB ieee/std_logic_1164 1381692176 PB ieee/STD_LOGIC_UNSIGNED 1381692179
AR work/freq_divider/Behavioral 1421329297 \
      FL /fs02/share/users/alperen.aydin/home/TPElec/ELN1/SysMeteo/freq_divider.vhd \
      EN work/freq_divider 1421329296
FL /fs02/share/users/alperen.aydin/home/TPElec/ELN1/SysMeteo/gray_bin_4bit.vhd 2014/12/22.22:02:33 P.20131013
EN work/gray_bin_4bit 1421329302 \
      FL /fs02/share/users/alperen.aydin/home/TPElec/ELN1/SysMeteo/gray_bin_4bit.vhd \
      PB ieee/std_logic_1164 1381692176 PB ieee/STD_LOGIC_UNSIGNED 1381692179
AR work/gray_bin_4bit/Behavioral 1421329303 \
      FL /fs02/share/users/alperen.aydin/home/TPElec/ELN1/SysMeteo/gray_bin_4bit.vhd \
      EN work/gray_bin_4bit 1421329302
FL /fs02/share/users/alperen.aydin/home/TPElec/ELN1/SysMeteo/gray_decoder_4bit.vhd 2014/12/22.22:02:33 P.20131013
EN work/gray_decoder_4bit 1421329304 \
      FL /fs02/share/users/alperen.aydin/home/TPElec/ELN1/SysMeteo/gray_decoder_4bit.vhd \
      PB ieee/std_logic_1164 1381692176
AR work/gray_decoder_4bit/Behavioral 1421329305 \
      FL /fs02/share/users/alperen.aydin/home/TPElec/ELN1/SysMeteo/gray_decoder_4bit.vhd \
      EN work/gray_decoder_4bit 1421329304
FL /fs02/share/users/alperen.aydin/home/TPElec/ELN1/SysMeteo/mux_2x1x20bit.vhd 2014/12/22.22:02:33 P.20131013
EN work/mux_2x1x20bit 1421329312 \
      FL /fs02/share/users/alperen.aydin/home/TPElec/ELN1/SysMeteo/mux_2x1x20bit.vhd \
      PB ieee/std_logic_1164 1381692176
AR work/mux_2x1x20bit/Behavioral 1421329313 \
      FL /fs02/share/users/alperen.aydin/home/TPElec/ELN1/SysMeteo/mux_2x1x20bit.vhd \
      EN work/mux_2x1x20bit 1421329312
FL /fs02/share/users/alperen.aydin/home/TPElec/ELN1/SysMeteo/mux_2x1x4bit.vhd 2014/12/22.22:02:33 P.20131013
EN work/mux_2x1x4bit 1421329306 \
      FL /fs02/share/users/alperen.aydin/home/TPElec/ELN1/SysMeteo/mux_2x1x4bit.vhd \
      PB ieee/std_logic_1164 1381692176
AR work/mux_2x1x4bit/Behavioral 1421329307 \
      FL /fs02/share/users/alperen.aydin/home/TPElec/ELN1/SysMeteo/mux_2x1x4bit.vhd \
      EN work/mux_2x1x4bit 1421329306
FL /fs02/share/users/alperen.aydin/home/TPElec/ELN1/SysMeteo/risingedge_detector.vhd 2014/12/22.22:02:34 P.20131013
EN work/risingedge_detector 1421329294 \
      FL /fs02/share/users/alperen.aydin/home/TPElec/ELN1/SysMeteo/risingedge_detector.vhd \
      PB ieee/std_logic_1164 1381692176
AR work/risingedge_detector/Behavioral 1421329295 \
      FL /fs02/share/users/alperen.aydin/home/TPElec/ELN1/SysMeteo/risingedge_detector.vhd \
      EN work/risingedge_detector 1421329294
FL /fs02/share/users/alperen.aydin/home/TPElec/ELN1/SysMeteo/speed_counter.vhd 2014/12/22.22:02:34 P.20131013
EN work/speed_counter 1421329310 \
      FL /fs02/share/users/alperen.aydin/home/TPElec/ELN1/SysMeteo/speed_counter.vhd \
      PB ieee/std_logic_1164 1381692176
AR work/speed_counter/Behavioral 1421329311 \
      FL /fs02/share/users/alperen.aydin/home/TPElec/ELN1/SysMeteo/speed_counter.vhd \
      EN work/speed_counter 1421329310 CP risingedge_detector CP freq_divider \
      CP counter_5bit CP transcoder_speed
FL /fs02/share/users/alperen.aydin/home/TPElec/ELN1/SysMeteo/transcoder_speed.vhd 2014/12/22.22:02:33 P.20131013
EN work/transcoder_speed 1421329300 \
      FL /fs02/share/users/alperen.aydin/home/TPElec/ELN1/SysMeteo/transcoder_speed.vhd \
      PB ieee/std_logic_1164 1381692176
AR work/transcoder_speed/Behavioral 1421329301 \
      FL /fs02/share/users/alperen.aydin/home/TPElec/ELN1/SysMeteo/transcoder_speed.vhd \
      EN work/transcoder_speed 1421329300
FL /fs02/share/users/alperen.aydin/home/TPElec/ELN1/SysMeteo/weather_system.vhd 2014/12/22.22:02:34 P.20131013
EN work/weather_system 1421329314 \
      FL /fs02/share/users/alperen.aydin/home/TPElec/ELN1/SysMeteo/weather_system.vhd \
      PB ieee/std_logic_1164 1381692176
AR work/weather_system/Behavioral 1421329315 \
      FL /fs02/share/users/alperen.aydin/home/TPElec/ELN1/SysMeteo/weather_system.vhd \
      EN work/weather_system 1421329314 CP decoder CP speed_counter \
      CP mux_2x1x20bit
FL /share/users/alperen.aydin/home/TPElec/ELN1/SysMeteo/counter_5bit.vhd 2014/12/15.14:50:34 P.20131013
FL /share/users/alperen.aydin/home/TPElec/ELN1/SysMeteo/decoder.vhd 2014/12/15.14:47:23 P.20131013
FL /share/users/alperen.aydin/home/TPElec/ELN1/SysMeteo/freq_divider.vhd 2014/12/15.14:50:25 P.20131013
FL /share/users/alperen.aydin/home/TPElec/ELN1/SysMeteo/gray_bin_4bit.vhd 2014/12/15.16:36:47 P.20131013
FL /share/users/alperen.aydin/home/TPElec/ELN1/SysMeteo/gray_decoder_4bit.vhd 2014/12/15.15:46:11 P.20131013
FL /share/users/alperen.aydin/home/TPElec/ELN1/SysMeteo/mux_2x1x20bit.vhd 2014/12/15.15:43:06 P.20131013
FL /share/users/alperen.aydin/home/TPElec/ELN1/SysMeteo/mux_2x1x4bit.vhd 2014/12/15.15:46:56 P.20131013
FL /share/users/alperen.aydin/home/TPElec/ELN1/SysMeteo/risingedge_detector.vhd 2014/12/15.14:50:28 P.20131013
FL /share/users/alperen.aydin/home/TPElec/ELN1/SysMeteo/speed_counter.vhd 2014/12/15.14:48:47 P.20131013
FL /share/users/alperen.aydin/home/TPElec/ELN1/SysMeteo/transcoder_speed.vhd 2014/12/15.16:05:08 P.20131013
FL /share/users/alperen.aydin/home/TPElec/ELN1/SysMeteo/weather_system.vhd 2014/12/15.15:48:25 P.20131013
