V3 54
FL /fs02/share/users/alperen.aydin/home/TPElec/ELN1/SysMeteo/counter_5bit.vhd 2014/12/22.22:02:34 P.20131013
EN work/counter_5bit 1421337528 \
      FL /fs02/share/users/alperen.aydin/home/TPElec/ELN1/SysMeteo/counter_5bit.vhd \
      PB ieee/std_logic_1164 1381692176 PB ieee/STD_LOGIC_UNSIGNED 1381692179
AR work/counter_5bit/Behavioral 1421337529 \
      FL /fs02/share/users/alperen.aydin/home/TPElec/ELN1/SysMeteo/counter_5bit.vhd \
      EN work/counter_5bit 1421337528
FL /fs02/share/users/alperen.aydin/home/TPElec/ELN1/SysMeteo/decoder.vhd 2014/12/22.22:02:33 P.20131013
EN work/decoder 1421337538 \
      FL /fs02/share/users/alperen.aydin/home/TPElec/ELN1/SysMeteo/decoder.vhd \
      PB ieee/std_logic_1164 1381692176
AR work/decoder/Behavioral 1421337539 \
      FL /fs02/share/users/alperen.aydin/home/TPElec/ELN1/SysMeteo/decoder.vhd \
      EN work/decoder 1421337538 CP gray_bin_4bit CP gray_decoder_4bit \
      CP mux_2x1x4bit
FL /fs02/share/users/alperen.aydin/home/TPElec/ELN1/SysMeteo/freq_divider.vhd 2014/12/22.22:02:33 P.20131013
EN work/freq_divider 1421337526 \
      FL /fs02/share/users/alperen.aydin/home/TPElec/ELN1/SysMeteo/freq_divider.vhd \
      PB ieee/std_logic_1164 1381692176 PB ieee/STD_LOGIC_UNSIGNED 1381692179
AR work/freq_divider/Behavioral 1421337527 \
      FL /fs02/share/users/alperen.aydin/home/TPElec/ELN1/SysMeteo/freq_divider.vhd \
      EN work/freq_divider 1421337526
FL /fs02/share/users/alperen.aydin/home/TPElec/ELN1/SysMeteo/gray_bin_4bit.vhd 2014/12/22.22:02:33 P.20131013
EN work/gray_bin_4bit 1421337532 \
      FL /fs02/share/users/alperen.aydin/home/TPElec/ELN1/SysMeteo/gray_bin_4bit.vhd \
      PB ieee/std_logic_1164 1381692176 PB ieee/STD_LOGIC_UNSIGNED 1381692179
AR work/gray_bin_4bit/Behavioral 1421337533 \
      FL /fs02/share/users/alperen.aydin/home/TPElec/ELN1/SysMeteo/gray_bin_4bit.vhd \
      EN work/gray_bin_4bit 1421337532
FL /fs02/share/users/alperen.aydin/home/TPElec/ELN1/SysMeteo/gray_decoder_4bit.vhd 2014/12/22.22:02:33 P.20131013
EN work/gray_decoder_4bit 1421337534 \
      FL /fs02/share/users/alperen.aydin/home/TPElec/ELN1/SysMeteo/gray_decoder_4bit.vhd \
      PB ieee/std_logic_1164 1381692176
AR work/gray_decoder_4bit/Behavioral 1421337535 \
      FL /fs02/share/users/alperen.aydin/home/TPElec/ELN1/SysMeteo/gray_decoder_4bit.vhd \
      EN work/gray_decoder_4bit 1421337534
FL /fs02/share/users/alperen.aydin/home/TPElec/ELN1/SysMeteo/mux_2x1x20bit.vhd 2014/12/22.22:02:33 P.20131013
EN work/mux_2x1x20bit 1421337542 \
      FL /fs02/share/users/alperen.aydin/home/TPElec/ELN1/SysMeteo/mux_2x1x20bit.vhd \
      PB ieee/std_logic_1164 1381692176
AR work/mux_2x1x20bit/Behavioral 1421337543 \
      FL /fs02/share/users/alperen.aydin/home/TPElec/ELN1/SysMeteo/mux_2x1x20bit.vhd \
      EN work/mux_2x1x20bit 1421337542
FL /fs02/share/users/alperen.aydin/home/TPElec/ELN1/SysMeteo/mux_2x1x4bit.vhd 2014/12/22.22:02:33 P.20131013
EN work/mux_2x1x4bit 1421337536 \
      FL /fs02/share/users/alperen.aydin/home/TPElec/ELN1/SysMeteo/mux_2x1x4bit.vhd \
      PB ieee/std_logic_1164 1381692176
AR work/mux_2x1x4bit/Behavioral 1421337537 \
      FL /fs02/share/users/alperen.aydin/home/TPElec/ELN1/SysMeteo/mux_2x1x4bit.vhd \
      EN work/mux_2x1x4bit 1421337536
FL /fs02/share/users/alperen.aydin/home/TPElec/ELN1/SysMeteo/risingedge_detector.vhd 2014/12/22.22:02:34 P.20131013
EN work/risingedge_detector 1421337524 \
      FL /fs02/share/users/alperen.aydin/home/TPElec/ELN1/SysMeteo/risingedge_detector.vhd \
      PB ieee/std_logic_1164 1381692176
AR work/risingedge_detector/Behavioral 1421337525 \
      FL /fs02/share/users/alperen.aydin/home/TPElec/ELN1/SysMeteo/risingedge_detector.vhd \
      EN work/risingedge_detector 1421337524
FL /fs02/share/users/alperen.aydin/home/TPElec/ELN1/SysMeteo/speed_counter.vhd 2014/12/22.22:02:34 P.20131013
EN work/speed_counter 1421337540 \
      FL /fs02/share/users/alperen.aydin/home/TPElec/ELN1/SysMeteo/speed_counter.vhd \
      PB ieee/std_logic_1164 1381692176
AR work/speed_counter/Behavioral 1421337541 \
      FL /fs02/share/users/alperen.aydin/home/TPElec/ELN1/SysMeteo/speed_counter.vhd \
      EN work/speed_counter 1421337540 CP risingedge_detector CP freq_divider \
      CP counter_5bit CP transcoder_speed
FL /fs02/share/users/alperen.aydin/home/TPElec/ELN1/SysMeteo/transcoder_speed.vhd 2014/12/22.22:02:33 P.20131013
EN work/transcoder_speed 1421337530 \
      FL /fs02/share/users/alperen.aydin/home/TPElec/ELN1/SysMeteo/transcoder_speed.vhd \
      PB ieee/std_logic_1164 1381692176
AR work/transcoder_speed/Behavioral 1421337531 \
      FL /fs02/share/users/alperen.aydin/home/TPElec/ELN1/SysMeteo/transcoder_speed.vhd \
      EN work/transcoder_speed 1421337530
FL /fs02/share/users/alperen.aydin/home/TPElec/ELN1/SysMeteo/weather_system.vhd 2014/12/22.22:02:34 P.20131013
EN work/weather_system 1421337544 \
      FL /fs02/share/users/alperen.aydin/home/TPElec/ELN1/SysMeteo/weather_system.vhd \
      PB ieee/std_logic_1164 1381692176
AR work/weather_system/Behavioral 1421337545 \
      FL /fs02/share/users/alperen.aydin/home/TPElec/ELN1/SysMeteo/weather_system.vhd \
      EN work/weather_system 1421337544 CP decoder CP speed_counter \
      CP mux_2x1x20bit
FL /share/users/alperen.aydin/home/TPElec/ELN1/SysMeteo/counter_5bit.vhd 2014/12/15.14:50:34 P.20131013
FL /share/users/alperen.aydin/home/TPElec/ELN1/SysMeteo/decoder.vhd 2014/12/15.14:47:23 P.20131013
FL /share/users/alperen.aydin/home/TPElec/ELN1/SysMeteo/freq_divider.vhd 2014/12/15.14:50:25 P.20131013
FL /share/users/alperen.aydin/home/TPElec/ELN1/SysMeteo/gray_bin_4bit.vhd 2014/12/15.16:36:47 P.20131013
FL /share/users/alperen.aydin/home/TPElec/ELN1/SysMeteo/gray_decoder_4bit.vhd 2014/12/15.15:46:11 P.20131013
FL /share/users/alperen.aydin/home/TPElec/ELN1/SysMeteo/mux_2x1x20bit.vhd 2014/12/15.15:43:06 P.20131013
FL /share/users/alperen.aydin/home/TPElec/ELN1/SysMeteo/mux_2x1x4bit.vhd 2014/12/15.15:46:56 P.20131013
FL /share/users/alperen.aydin/home/TPElec/ELN1/SysMeteo/risingedge_detector.vhd 2014/12/15.14:50:28 P.20131013
FL /share/users/alperen.aydin/home/TPElec/ELN1/SysMeteo/speed_counter.vhd 2014/12/15.14:48:47 P.20131013
FL /share/users/alperen.aydin/home/TPElec/ELN1/SysMeteo/transcoder_speed.vhd 2014/12/15.16:05:08 P.20131013
FL /share/users/alperen.aydin/home/TPElec/ELN1/SysMeteo/weather_system.vhd 2014/12/15.15:48:25 P.20131013
